
> oilwell-ai@0.1.0 build
> next build

  Ôû▓ Next.js 14.2.3
  - Environments: .env.local

   Creating an optimized production build ...
 Ô£ô Compiled successfully
   Linting and checking validity of types ...
   Collecting page data ...
   Generating static pages (0/5) ...
   Generating static pages (1/5) 
   Generating static pages (2/5) 
   Generating static pages (3/5) 
 Ô£ô Generating static pages (5/5)
   Finalizing page optimization ...
   Collecting build traces ...

Route (app)                              Size     First Load JS
Ôöî Ôùï /                                    2.6 kB         89.7 kB
Ôö£ Ôùï /_not-found                          871 B            88 kB
Ôöö Ôùï /dashboard                           3.21 kB        90.3 kB
+ First Load JS shared by all            87.1 kB
  Ôö£ chunks/23-689eda8e83791f79.js        31.5 kB
  Ôö£ chunks/fd9d1056-23bdddb1df3a91c8.js  53.6 kB
  Ôöö other shared chunks (total)          2.04 kB


Ôùï  (Static)  prerendered as static content

